// Jest Snapshot v1, https://goo.gl/fbAQLP

exports[`Pruebas en  <GifItem /> debe hacer pruebas con el snapshot 1`] = `
<div>
  <div
    class="card"
  >
    <img
      alt="Athenas"
      src="https://www.google.com.ve"
    />
    <p>
      Athenas
    </p>
  </div>
</div>
`;
